● kvmd.service - BliKVM video-only kvmd
     Loaded: loaded (/usr/lib/systemd/system/kvmd.service; enabled; preset: enabled)
     Active: active (running) since Mon 2026-07-27 20:48:44 UTC; 3min 8s ago
 Invocation: ec97401cc59c430b8d10c56fafca0e9e
   Main PID: 2767 (kvmd/main: /usr)
        CPU: 12.293s
     CGroup: /system.slice/kvmd.service
             ├─2767 "kvmd/main: /usr/bin/python3 /usr/bin/kvmd --run"
             └─2804 /usr/bin/ustreamer --device=/dev/kvmd-video --resolution=1920x1080 --desired-fps=30 --device-fps=30 --quality=0 --format=MJPEG --encoder=HW --unix=/run/kvmd/ustreamer/ustreamer.sock --unix-mode=0660 --unix-rm --exit-on-parent-death --notify-parent --no-log-colors

Jul 27 20:51:36 blikvm-m7 kvmd[2767]: aiohttp.access                    INFO --- [- / -] 'DELETE /streamer/snapshot HTTP/1.1' => 200; size=195 --- referer='-'; user_agent='Python/3.14 aiohttp/3.13.3'
Jul 27 20:51:36 blikvm-m7 kvmd[2767]: aiohttp.access                    INFO --- [- / -] 'GET /streamer HTTP/1.1' => 200; size=1352 --- referer='-'; user_agent='Python/3.14 aiohttp/3.13.3'
Jul 27 20:51:36 blikvm-m7 kvmd[2767]: aiohttp.access                    INFO --- [- / -] 'GET /hid HTTP/1.1' => 404; size=174 --- referer='-'; user_agent='Python/3.14 aiohttp/3.13.3'
Jul 27 20:51:36 blikvm-m7 kvmd[2767]: aiohttp.access                    INFO --- [- / -] 'GET /atx HTTP/1.1' => 404; size=174 --- referer='-'; user_agent='Python/3.14 aiohttp/3.13.3'
Jul 27 20:51:36 blikvm-m7 kvmd[2767]: aiohttp.access                    INFO --- [- / -] 'GET /msd HTTP/1.1' => 404; size=174 --- referer='-'; user_agent='Python/3.14 aiohttp/3.13.3'
Jul 27 20:51:36 blikvm-m7 kvmd[2767]: aiohttp.access                    INFO --- [- / -] 'GET /gpio HTTP/1.1' => 404; size=174 --- referer='-'; user_agent='Python/3.14 aiohttp/3.13.3'
Jul 27 20:51:36 blikvm-m7 kvmd[2767]: aiohttp.access                    INFO --- [- / -] 'GET /switch HTTP/1.1' => 404; size=174 --- referer='-'; user_agent='Python/3.14 aiohttp/3.13.3'
Jul 27 20:51:36 blikvm-m7 kvmd[2767]: aiohttp.access                    INFO --- [- / -] 'GET /auth/login HTTP/1.1' => 404; size=174 --- referer='-'; user_agent='Python/3.14 aiohttp/3.13.3'
Jul 27 20:51:37 blikvm-m7 kvmd[2767]: kvmd.apps.kvmd.streamer.runner    INFO --- => -- INFO  [460.125      http] -- HTTP: NEW client (now=1): [localhost]:0, id=f24654e6145e7ed1
Jul 27 20:51:51 blikvm-m7 kvmd[2767]: kvmd.apps.kvmd.streamer.runner    INFO --- => -- INFO  [474.773      http] -- HTTP: DEL client (now=0): [localhost]:0, id=f24654e6145e7ed1, Resource temporarily unavailable (reading,eof)
  UNIT LOAD ACTIVE SUB DESCRIPTION

0 loaded units listed.
0::/system.slice/kvmd.service
0::/system.slice/kvmd.service
/usr/bin/ustreamer --device=/dev/kvmd-video --resolution=1920x1080 --desired-fps=30 --device-fps=30 --quality=0 --format=MJPEG --encoder=HW --unix=/run/kvmd/ustreamer/ustreamer.sock --unix-mode=0660 --unix-rm --exit-on-parent-death --notify-parent --no-log-colors 2767
2804
Netid State  Recv-Q Send-Q Local Address:Port Peer Address:PortProcess                       
tcp   LISTEN 0      0       192.168.88.2:22        0.0.0.0:*    users:(("sshd",pid=186,fd=6))
Netid State  Recv-Q Send-Q                                Local Address:Port  Peer Address:PortProcess                                                          
u_str LISTEN 0      0                              /run/systemd/private 202              * 0    users:(("systemd",pid=1,fd=23))                                 
u_str LISTEN 0      0        /run/systemd/userdb/io.systemd.DynamicUser 203              * 0    users:(("systemd",pid=1,fd=24))                                 
u_str LISTEN 0      0                /run/systemd/io.systemd.ManagedOOM 204              * 0    users:(("systemd",pid=1,fd=25))                                 
u_str LISTEN 0      0                   /run/systemd/io.systemd.Manager 205              * 0    users:(("systemd",pid=1,fd=26))                                 
u_str LISTEN 0      0               /run/systemd/io.systemd.AskPassword 210              * 0    users:(("systemd",pid=1,fd=34))                                 
u_str LISTEN 0      0               /run/systemd/io.systemd.Credentials 211              * 0    users:(("systemd",pid=1,fd=35))                                 
u_str LISTEN 0      0              /run/systemd/io.systemd.FactoryReset 212              * 0    users:(("systemd",pid=1,fd=36))                                 
u_str LISTEN 0      0                       /run/systemd/journal/stdout 217              * 0    users:(("systemd-journal",pid=81,fd=5),("systemd",pid=1,fd=39)) 
u_str LISTEN 0      0               /run/systemd/io.systemd.MuteConsole 218              * 0    users:(("systemd",pid=1,fd=40))                                 
u_str LISTEN 0      0             /run/systemd/netif/io.systemd.Network 219              * 0    users:(("systemd-network",pid=123,fd=5),("systemd",pid=1,fd=41))
u_str LISTEN 0      0                         /run/udev/io.systemd.Udev 223              * 0    users:(("systemd-udevd",pid=115,fd=4),("systemd",pid=1,fd=45))  
u_str LISTEN 0      0      /run/systemd/resolve.hook/io.systemd.Network 313              * 0    users:(("systemd-network",pid=123,fd=4),("systemd",pid=1,fd=48))
u_str LISTEN 0      0                    /run/systemd/io.systemd.sysext 377              * 0    users:(("systemd",pid=1,fd=46))                                 
u_str LISTEN 0      0                       /run/dbus/system_bus_socket 1432             * 0    users:(("dbus-daemon",pid=158,fd=3),("systemd",pid=1,fd=52))    
u_str LISTEN 0      0                        /run/ssh-unix-local/socket 1439             * 0    users:(("systemd",pid=1,fd=54))                                 
u_str LISTEN 0      0                  /run/systemd/io.systemd.Hostname 1440             * 0    users:(("systemd",pid=1,fd=55))                                 
u_str LISTEN 0      0                     /run/systemd/io.systemd.Login 1441             * 0    users:(("systemd-logind",pid=162,fd=3),("systemd",pid=1,fd=57)) 
u_str LISTEN 0      0           /run/systemd/journal/io.systemd.journal 2084             * 0    users:(("systemd-journal",pid=81,fd=9))                         
u_str LISTEN 0      0                /run/kvmd/ustreamer/ustreamer.sock 11997            * 0    users:(("main",pid=2804,fd=7))                                  
u_str LISTEN 0      0                           /run/kvmd/api/kvmd.sock 13317            * 0    users:(("kvmd/main: /usr",pid=2767,fd=4))                       
u_seq LISTEN 0      0                                 /run/udev/control 221              * 0    users:(("systemd-udevd",pid=115,fd=5),("systemd",pid=1,fd=43))  
# /usr/lib/systemd/system/kvmd.service
[Unit]
Description=BliKVM video-only kvmd
BindsTo=dev-kvmd\x2dvideo.device
After=dev-kvmd\x2dvideo.device
Conflicts=ustreamer.service

[Service]
Type=exec
User=kvmd
Group=ustreamer
RuntimeDirectory=kvmd/api kvmd/ustreamer
RuntimeDirectoryMode=0750
ExecStart=/usr/bin/kvmd --run
Restart=on-failure
RestartSec=2
TimeoutStopSec=15
KillMode=mixed
UMask=0007
Environment=PYTHONDONTWRITEBYTECODE=1
NoNewPrivileges=yes
ProtectSystem=strict
ProtectHome=yes
PrivateTmp=yes
ProtectKernelTunables=yes
ProtectKernelModules=yes
ProtectControlGroups=yes
RestrictAddressFamilies=AF_UNIX
CapabilityBoundingSet=
DevicePolicy=closed
DeviceAllow=/dev/kvmd-video rw

[Install]
WantedBy=multi-user.target
# Unit ustreamer.service is masked.
-- No entries --
