Jul 27 20:44:06 blikvm-m7 systemd[1]: Starting kvmd.service - BliKVM video-only kvmd...
Jul 27 20:44:07 blikvm-m7 systemd[1]: Started kvmd.service - BliKVM video-only kvmd.
Jul 27 20:44:10 blikvm-m7 kvmd[162]: kvmd.apps.kvmd.streamer           INFO --- Installing SIGUSR2 streamer handler ...
Jul 27 20:44:10 blikvm-m7 kvmd[162]: kvmd.htserver                     INFO --- ======== Running on http://unix:/run/kvmd/api/kvmd.sock: ========
Jul 27 20:44:10 blikvm-m7 kvmd[162]: kvmd.htserver                     INFO --- (Press CTRL+C to quit)
Jul 27 20:44:10 blikvm-m7 kvmd[162]: kvmd.apps.kvmd.streamer.runner    INFO --- Starting streamer ...
Jul 27 20:44:10 blikvm-m7 kvmd[162]: kvmd.apps.kvmd.streamer.runner    INFO --- PRE-START-CMD: /bin/true pre-start
Jul 27 20:44:10 blikvm-m7 kvmd[162]: kvmd.apps.kvmd.streamer.runner    INFO --- Started streamer pid=246: /usr/bin/ustreamer --device=/dev/kvmd-video --resolution=1920x1080 --desired-fps=30 --device-fps=30 --quality=0 --format=MJPEG --encoder=HW --unix=/run/kvmd/ustreamer/ustreamer.sock --unix-mode=0660 --unix-rm --exit-on-parent-death --notify-parent --no-log-colors
Jul 27 20:44:10 blikvm-m7 kvmd[162]: kvmd.apps.kvmd.streamer.runner    INFO --- => -- INFO  [13.650      main] -- Starting PiKVM uStreamer 6.65 ...
Jul 27 20:44:10 blikvm-m7 kvmd[162]: kvmd.apps.kvmd.streamer.runner    INFO --- => -- INFO  [13.726      main] -- HTTP: Listening HTTP on UNIX socket '/run/kvmd/ustreamer/ustreamer.sock'
Jul 27 20:44:10 blikvm-m7 kvmd[162]: kvmd.apps.kvmd.streamer.runner    INFO --- => -- INFO  [13.726    stream] -- Using V4L2 device: /dev/kvmd-video
Jul 27 20:44:10 blikvm-m7 kvmd[162]: kvmd.apps.kvmd.streamer.runner    INFO --- => -- INFO  [13.727    stream] -- CAP: Using capture type: single-planar
Jul 27 20:44:10 blikvm-m7 kvmd[162]: kvmd.apps.kvmd.streamer.runner    INFO --- => -- INFO  [13.727    stream] -- CAP: Using input channel: 0
Jul 27 20:44:10 blikvm-m7 kvmd[162]: kvmd.apps.kvmd.streamer.runner    INFO --- => -- INFO  [13.727      http] -- HTTP: Starting eventloop ...
Jul 27 20:44:10 blikvm-m7 kvmd[162]: kvmd.apps.kvmd.streamer.runner    INFO --- => -- INFO  [13.746    stream] -- CAP: Using resolution: 1920x1080
Jul 27 20:44:10 blikvm-m7 kvmd[162]: kvmd.apps.kvmd.streamer.runner    INFO --- => -- INFO  [13.746    stream] -- CAP: Using format: MJPEG
Jul 27 20:44:10 blikvm-m7 kvmd[162]: kvmd.apps.kvmd.streamer.runner    INFO --- => -- INFO  [13.767    stream] -- CAP: Using HW FPS: 1/30
Jul 27 20:44:10 blikvm-m7 kvmd[162]: kvmd.apps.kvmd.streamer.runner    INFO --- => -- INFO  [13.767    stream] -- CAP: Using IO method: MMAP
Jul 27 20:44:10 blikvm-m7 kvmd[162]: kvmd.apps.kvmd.streamer.runner    INFO --- => -- INFO  [13.777    stream] -- CAP: Requested 5 device buffers, got 5
Jul 27 20:44:10 blikvm-m7 kvmd[162]: kvmd.apps.kvmd.streamer.runner    INFO --- => -- INFO  [13.788    stream] -- CAP: Capturing started
Jul 27 20:44:10 blikvm-m7 kvmd[162]: kvmd.apps.kvmd.streamer.runner    INFO --- => -- INFO  [13.788    stream] -- Using JPEG quality: encoder default
Jul 27 20:44:10 blikvm-m7 kvmd[162]: kvmd.apps.kvmd.streamer.runner    INFO --- => -- INFO  [13.788    stream] -- Creating pool JPEG with 1 workers ...
Jul 27 20:44:10 blikvm-m7 kvmd[162]: kvmd.apps.kvmd.streamer.runner    INFO --- => -- INFO  [13.789    stream] -- Capturing ...
Jul 27 20:44:10 blikvm-m7 kvmd[162]: kvmd.apps.kvmd.streamer           INFO --- Got SIGUSR2, checking the stream state ...
Jul 27 20:44:31 blikvm-m7 kvmd[162]: aiohttp.access                    INFO --- [- / -] 'GET /info?legacy=false HTTP/1.1' => 200; size=1726 --- referer='-'; user_agent='Python/3.14 aiohttp/3.13.3'
Jul 27 20:44:31 blikvm-m7 kvmd[162]: aiohttp.access                    INFO --- [- / -] 'GET /streamer HTTP/1.1' => 200; size=1352 --- referer='-'; user_agent='Python/3.14 aiohttp/3.13.3'
Jul 27 20:44:31 blikvm-m7 kvmd[162]: kvmd.apps.kvmd.server             INFO --- Registered new client session: WsSession(id=281473758065536, {'stream': True}); clients now: 1
Jul 27 20:44:31 blikvm-m7 kvmd[162]: kvmd.apps.kvmd.server             INFO --- Removed client socket: WsSession(id=281473758065536, {'stream': True}); clients now: 0
Jul 27 20:44:31 blikvm-m7 kvmd[162]: aiohttp.access                    INFO --- [- / -] 'GET /ws?stream=true HTTP/1.1' => 101; size=0 --- referer='-'; user_agent='Python/3.14 aiohttp/3.13.3'
Jul 27 20:44:31 blikvm-m7 kvmd[162]: kvmd.apps.kvmd.server             INFO --- Registered new client session: WsSession(id=281473758187344, {'stream': True}); clients now: 1
Jul 27 20:44:32 blikvm-m7 kvmd[162]: kvmd.apps.kvmd.server             INFO --- Removed client socket: WsSession(id=281473758187344, {'stream': True}); clients now: 0
Jul 27 20:44:32 blikvm-m7 kvmd[162]: aiohttp.access                    INFO --- [- / -] 'GET /ws?stream=true HTTP/1.1' => 101; size=0 --- referer='-'; user_agent='Python/3.14 aiohttp/3.13.3'
Jul 27 20:44:32 blikvm-m7 kvmd[162]: kvmd.apps.kvmd.server             INFO --- Registered new client session: WsSession(id=281473758188624, {'stream': True}); clients now: 1
Jul 27 20:44:32 blikvm-m7 kvmd[162]: kvmd.apps.kvmd.server             INFO --- Removed client socket: WsSession(id=281473758188624, {'stream': True}); clients now: 0
Jul 27 20:44:32 blikvm-m7 kvmd[162]: aiohttp.access                    INFO --- [- / -] 'GET /ws?stream=true HTTP/1.1' => 101; size=0 --- referer='-'; user_agent='Python/3.14 aiohttp/3.13.3'
Jul 27 20:44:32 blikvm-m7 kvmd[162]: aiohttp.access                    INFO --- [- / -] 'GET /streamer/snapshot?save=true HTTP/1.1' => 200; size=42125 --- referer='-'; user_agent='Python/3.14 aiohttp/3.13.3'
Jul 27 20:44:32 blikvm-m7 kvmd[162]: aiohttp.access                    INFO --- [- / -] 'GET /streamer/snapshot HTTP/1.1' => 200; size=42103 --- referer='-'; user_agent='Python/3.14 aiohttp/3.13.3'
Jul 27 20:44:33 blikvm-m7 kvmd[162]: aiohttp.access                    INFO --- [- / -] 'GET /streamer/snapshot HTTP/1.1' => 200; size=42095 --- referer='-'; user_agent='Python/3.14 aiohttp/3.13.3'
Jul 27 20:44:33 blikvm-m7 kvmd[162]: aiohttp.access                    INFO --- [- / -] 'GET /streamer/snapshot HTTP/1.1' => 200; size=42095 --- referer='-'; user_agent='Python/3.14 aiohttp/3.13.3'
Jul 27 20:44:33 blikvm-m7 kvmd[162]: aiohttp.access                    INFO --- [- / -] 'GET /streamer/snapshot HTTP/1.1' => 200; size=42090 --- referer='-'; user_agent='Python/3.14 aiohttp/3.13.3'
Jul 27 20:44:33 blikvm-m7 kvmd[162]: aiohttp.access                    INFO --- [- / -] 'GET /streamer/snapshot HTTP/1.1' => 200; size=42114 --- referer='-'; user_agent='Python/3.14 aiohttp/3.13.3'
Jul 27 20:44:33 blikvm-m7 kvmd[162]: aiohttp.access                    INFO --- [- / -] 'GET /streamer/snapshot HTTP/1.1' => 200; size=42134 --- referer='-'; user_agent='Python/3.14 aiohttp/3.13.3'
Jul 27 20:44:34 blikvm-m7 kvmd[162]: aiohttp.access                    INFO --- [- / -] 'GET /streamer/snapshot HTTP/1.1' => 200; size=42096 --- referer='-'; user_agent='Python/3.14 aiohttp/3.13.3'
Jul 27 20:44:34 blikvm-m7 kvmd[162]: aiohttp.access                    INFO --- [- / -] 'GET /streamer/snapshot HTTP/1.1' => 200; size=42089 --- referer='-'; user_agent='Python/3.14 aiohttp/3.13.3'
Jul 27 20:44:34 blikvm-m7 kvmd[162]: aiohttp.access                    INFO --- [- / -] 'GET /streamer/snapshot HTTP/1.1' => 200; size=42088 --- referer='-'; user_agent='Python/3.14 aiohttp/3.13.3'
Jul 27 20:44:34 blikvm-m7 kvmd[162]: aiohttp.access                    INFO --- [- / -] 'GET /streamer/snapshot HTTP/1.1' => 200; size=42095 --- referer='-'; user_agent='Python/3.14 aiohttp/3.13.3'
Jul 27 20:44:35 blikvm-m7 kvmd[162]: aiohttp.access                    INFO --- [- / -] 'GET /streamer/snapshot HTTP/1.1' => 200; size=42123 --- referer='-'; user_agent='Python/3.14 aiohttp/3.13.3'
Jul 27 20:44:35 blikvm-m7 kvmd[162]: aiohttp.access                    INFO --- [- / -] 'GET /streamer HTTP/1.1' => 200; size=1457 --- referer='-'; user_agent='Python/3.14 aiohttp/3.13.3'
Jul 27 20:44:35 blikvm-m7 kvmd[162]: aiohttp.access                    INFO --- [- / -] 'DELETE /streamer/snapshot HTTP/1.1' => 200; size=195 --- referer='-'; user_agent='Python/3.14 aiohttp/3.13.3'
Jul 27 20:44:35 blikvm-m7 kvmd[162]: aiohttp.access                    INFO --- [- / -] 'GET /streamer HTTP/1.1' => 200; size=1352 --- referer='-'; user_agent='Python/3.14 aiohttp/3.13.3'
Jul 27 20:44:35 blikvm-m7 kvmd[162]: aiohttp.access                    INFO --- [- / -] 'GET /hid HTTP/1.1' => 404; size=174 --- referer='-'; user_agent='Python/3.14 aiohttp/3.13.3'
Jul 27 20:44:35 blikvm-m7 kvmd[162]: aiohttp.access                    INFO --- [- / -] 'GET /atx HTTP/1.1' => 404; size=174 --- referer='-'; user_agent='Python/3.14 aiohttp/3.13.3'
Jul 27 20:44:35 blikvm-m7 kvmd[162]: aiohttp.access                    INFO --- [- / -] 'GET /msd HTTP/1.1' => 404; size=174 --- referer='-'; user_agent='Python/3.14 aiohttp/3.13.3'
Jul 27 20:44:35 blikvm-m7 kvmd[162]: aiohttp.access                    INFO --- [- / -] 'GET /gpio HTTP/1.1' => 404; size=174 --- referer='-'; user_agent='Python/3.14 aiohttp/3.13.3'
Jul 27 20:44:35 blikvm-m7 kvmd[162]: aiohttp.access                    INFO --- [- / -] 'GET /switch HTTP/1.1' => 404; size=174 --- referer='-'; user_agent='Python/3.14 aiohttp/3.13.3'
Jul 27 20:44:35 blikvm-m7 kvmd[162]: aiohttp.access                    INFO --- [- / -] 'GET /auth/login HTTP/1.1' => 404; size=174 --- referer='-'; user_agent='Python/3.14 aiohttp/3.13.3'
Jul 27 20:44:36 blikvm-m7 kvmd[162]: kvmd.apps.kvmd.streamer.runner    INFO --- => -- INFO  [39.381      http] -- HTTP: NEW client (now=1): [localhost]:0, id=e9d0d773e67742c7
Jul 27 20:46:35 blikvm-m7 kvmd[162]: kvmd.apps.kvmd.streamer.runner    INFO --- => -- INFO  [159.056      http] -- HTTP: DEL client (now=0): [localhost]:0, id=e9d0d773e67742c7, Resource temporarily unavailable (reading,eof)
Jul 27 20:46:48 blikvm-m7 kvmd[162]: aiohttp.access                    INFO --- [- / -] 'GET /info?legacy=false HTTP/1.1' => 200; size=1727 --- referer='-'; user_agent='Python/3.14 aiohttp/3.13.3'
Jul 27 20:46:48 blikvm-m7 kvmd[162]: aiohttp.access                    INFO --- [- / -] 'GET /streamer HTTP/1.1' => 200; size=1352 --- referer='-'; user_agent='Python/3.14 aiohttp/3.13.3'
Jul 27 20:46:48 blikvm-m7 kvmd[162]: kvmd.apps.kvmd.server             INFO --- Registered new client session: WsSession(id=281473758090672, {'stream': True}); clients now: 1
Jul 27 20:46:48 blikvm-m7 kvmd[162]: kvmd.apps.kvmd.server             INFO --- Removed client socket: WsSession(id=281473758090672, {'stream': True}); clients now: 0
Jul 27 20:46:48 blikvm-m7 kvmd[162]: aiohttp.access                    INFO --- [- / -] 'GET /ws?stream=true HTTP/1.1' => 101; size=0 --- referer='-'; user_agent='Python/3.14 aiohttp/3.13.3'
Jul 27 20:46:48 blikvm-m7 kvmd[162]: kvmd.apps.kvmd.server             INFO --- Registered new client session: WsSession(id=281473758091888, {'stream': True}); clients now: 1
Jul 27 20:46:48 blikvm-m7 kvmd[162]: kvmd.apps.kvmd.server             INFO --- Removed client socket: WsSession(id=281473758091888, {'stream': True}); clients now: 0
Jul 27 20:46:48 blikvm-m7 kvmd[162]: aiohttp.access                    INFO --- [- / -] 'GET /ws?stream=true HTTP/1.1' => 101; size=0 --- referer='-'; user_agent='Python/3.14 aiohttp/3.13.3'
Jul 27 20:46:48 blikvm-m7 kvmd[162]: kvmd.apps.kvmd.server             INFO --- Registered new client session: WsSession(id=281473758331536, {'stream': True}); clients now: 1
Jul 27 20:46:48 blikvm-m7 kvmd[162]: kvmd.apps.kvmd.server             INFO --- Removed client socket: WsSession(id=281473758331536, {'stream': True}); clients now: 0
Jul 27 20:46:48 blikvm-m7 kvmd[162]: aiohttp.access                    INFO --- [- / -] 'GET /ws?stream=true HTTP/1.1' => 101; size=0 --- referer='-'; user_agent='Python/3.14 aiohttp/3.13.3'
Jul 27 20:46:49 blikvm-m7 kvmd[162]: aiohttp.access                    INFO --- [- / -] 'GET /streamer/snapshot?save=true HTTP/1.1' => 200; size=42098 --- referer='-'; user_agent='Python/3.14 aiohttp/3.13.3'
Jul 27 20:46:49 blikvm-m7 kvmd[162]: aiohttp.access                    INFO --- [- / -] 'GET /streamer/snapshot HTTP/1.1' => 200; size=42142 --- referer='-'; user_agent='Python/3.14 aiohttp/3.13.3'
Jul 27 20:46:49 blikvm-m7 kvmd[162]: aiohttp.access                    INFO --- [- / -] 'GET /streamer/snapshot HTTP/1.1' => 200; size=42108 --- referer='-'; user_agent='Python/3.14 aiohttp/3.13.3'
Jul 27 20:46:49 blikvm-m7 kvmd[162]: aiohttp.access                    INFO --- [- / -] 'GET /streamer/snapshot HTTP/1.1' => 200; size=42131 --- referer='-'; user_agent='Python/3.14 aiohttp/3.13.3'
Jul 27 20:46:50 blikvm-m7 kvmd[162]: aiohttp.access                    INFO --- [- / -] 'GET /streamer/snapshot HTTP/1.1' => 200; size=42142 --- referer='-'; user_agent='Python/3.14 aiohttp/3.13.3'
Jul 27 20:46:50 blikvm-m7 kvmd[162]: aiohttp.access                    INFO --- [- / -] 'GET /streamer/snapshot HTTP/1.1' => 200; size=42125 --- referer='-'; user_agent='Python/3.14 aiohttp/3.13.3'
Jul 27 20:46:50 blikvm-m7 kvmd[162]: aiohttp.access                    INFO --- [- / -] 'GET /streamer/snapshot HTTP/1.1' => 200; size=42131 --- referer='-'; user_agent='Python/3.14 aiohttp/3.13.3'
Jul 27 20:46:50 blikvm-m7 kvmd[162]: aiohttp.access                    INFO --- [- / -] 'GET /streamer/snapshot HTTP/1.1' => 200; size=42134 --- referer='-'; user_agent='Python/3.14 aiohttp/3.13.3'
Jul 27 20:46:51 blikvm-m7 kvmd[162]: aiohttp.access                    INFO --- [- / -] 'GET /streamer/snapshot HTTP/1.1' => 200; size=42092 --- referer='-'; user_agent='Python/3.14 aiohttp/3.13.3'
Jul 27 20:46:51 blikvm-m7 kvmd[162]: aiohttp.access                    INFO --- [- / -] 'GET /streamer/snapshot HTTP/1.1' => 200; size=42139 --- referer='-'; user_agent='Python/3.14 aiohttp/3.13.3'
Jul 27 20:46:51 blikvm-m7 kvmd[162]: aiohttp.access                    INFO --- [- / -] 'GET /streamer/snapshot HTTP/1.1' => 200; size=42132 --- referer='-'; user_agent='Python/3.14 aiohttp/3.13.3'
Jul 27 20:46:51 blikvm-m7 kvmd[162]: aiohttp.access                    INFO --- [- / -] 'GET /streamer/snapshot HTTP/1.1' => 200; size=42134 --- referer='-'; user_agent='Python/3.14 aiohttp/3.13.3'
Jul 27 20:46:52 blikvm-m7 kvmd[162]: aiohttp.access                    INFO --- [- / -] 'GET /streamer HTTP/1.1' => 200; size=1457 --- referer='-'; user_agent='Python/3.14 aiohttp/3.13.3'
Jul 27 20:46:52 blikvm-m7 kvmd[162]: aiohttp.access                    INFO --- [- / -] 'DELETE /streamer/snapshot HTTP/1.1' => 200; size=195 --- referer='-'; user_agent='Python/3.14 aiohttp/3.13.3'
Jul 27 20:46:52 blikvm-m7 kvmd[162]: aiohttp.access                    INFO --- [- / -] 'GET /streamer HTTP/1.1' => 200; size=1352 --- referer='-'; user_agent='Python/3.14 aiohttp/3.13.3'
Jul 27 20:46:52 blikvm-m7 kvmd[162]: aiohttp.access                    INFO --- [- / -] 'GET /hid HTTP/1.1' => 404; size=174 --- referer='-'; user_agent='Python/3.14 aiohttp/3.13.3'
Jul 27 20:46:52 blikvm-m7 kvmd[162]: aiohttp.access                    INFO --- [- / -] 'GET /atx HTTP/1.1' => 404; size=174 --- referer='-'; user_agent='Python/3.14 aiohttp/3.13.3'
Jul 27 20:46:52 blikvm-m7 kvmd[162]: aiohttp.access                    INFO --- [- / -] 'GET /msd HTTP/1.1' => 404; size=174 --- referer='-'; user_agent='Python/3.14 aiohttp/3.13.3'
Jul 27 20:46:52 blikvm-m7 kvmd[162]: aiohttp.access                    INFO --- [- / -] 'GET /gpio HTTP/1.1' => 404; size=174 --- referer='-'; user_agent='Python/3.14 aiohttp/3.13.3'
Jul 27 20:46:52 blikvm-m7 kvmd[162]: aiohttp.access                    INFO --- [- / -] 'GET /switch HTTP/1.1' => 404; size=174 --- referer='-'; user_agent='Python/3.14 aiohttp/3.13.3'
Jul 27 20:46:52 blikvm-m7 kvmd[162]: aiohttp.access                    INFO --- [- / -] 'GET /auth/login HTTP/1.1' => 404; size=174 --- referer='-'; user_agent='Python/3.14 aiohttp/3.13.3'
Jul 27 20:46:53 blikvm-m7 kvmd[162]: kvmd.apps.kvmd.streamer.runner    INFO --- => -- INFO  [176.400      http] -- HTTP: NEW client (now=1): [localhost]:0, id=f4db489e64b808ed
Jul 27 20:47:07 blikvm-m7 kvmd[162]: kvmd.apps.kvmd.streamer.runner    INFO --- => -- INFO  [191.046      http] -- HTTP: DEL client (now=0): [localhost]:0, id=f4db489e64b808ed, Resource temporarily unavailable (reading,eof)
