2026-09-07T02:24:46,565953+00:00 usb 1-3: USB disconnect, device number 122
2026-09-07T02:24:54,403484+00:00 usb 1-3: new high-speed USB device number 123 using xhci_hcd
2026-09-07T02:24:54,527522+00:00 usb 1-3: New USB device found, idVendor=1d6b, idProduct=0106, bcdDevice= 1.00
2026-09-07T02:24:54,527548+00:00 usb 1-3: New USB device strings: Mfr=1, Product=2, SerialNumber=3
2026-09-07T02:24:54,527556+00:00 usb 1-3: Product: BliKVM M5 keyboard
2026-09-07T02:24:54,527562+00:00 usb 1-3: Manufacturer: BliKVM
2026-09-07T02:24:54,527567+00:00 usb 1-3: SerialNumber: blikvm-v4-m5-keyboard
2026-09-07T02:24:54,533777+00:00 input: BliKVM BliKVM M5 keyboard as /devices/pci0000:00/0000:00:14.0/usb1/1-3/1-3:1.0/0003:1D6B:0106.00F3/input/input252
2026-09-07T02:24:54,604903+00:00 hid-generic 0003:1D6B:0106.00F3: input,hidraw0: USB HID v1.01 Keyboard [BliKVM BliKVM M5 keyboard] on usb-0000:00:14.0-3/input0
2026-09-07T02:24:54,607989+00:00 input: BliKVM BliKVM M5 keyboard as /devices/pci0000:00/0000:00:14.0/usb1/1-3/1-3:1.1/0003:1D6B:0106.00F4/input/input253
2026-09-07T02:24:54,608755+00:00 hid-generic 0003:1D6B:0106.00F4: input,hidraw1: USB HID v1.01 Mouse [BliKVM BliKVM M5 keyboard] on usb-0000:00:14.0-3/input1
2026-09-07T02:24:54,610133+00:00 input: BliKVM BliKVM M5 keyboard as /devices/pci0000:00/0000:00:14.0/usb1/1-3/1-3:1.2/0003:1D6B:0106.00F5/input/input254
2026-09-07T02:24:54,611956+00:00 hid-generic 0003:1D6B:0106.00F5: input,hidraw2: USB HID v1.01 Mouse [BliKVM BliKVM M5 keyboard] on usb-0000:00:14.0-3/input2
2026-09-07T02:24:54,613395+00:00 usb-storage 1-3:1.3: USB Mass Storage device detected
2026-09-07T02:24:54,613957+00:00 scsi host1: usb-storage 1-3:1.3
2026-09-07T02:24:55,637266+00:00 scsi 1:0:0:0: Direct-Access     BliKVM   G4 RAM RO        0001 PQ: 0 ANSI: 2
2026-09-07T02:24:55,639705+00:00 sd 1:0:0:0: Power-on or device reset occurred
2026-09-07T02:24:55,641569+00:00 sd 1:0:0:0: Attached scsi generic sg0 type 0
2026-09-07T02:24:55,642150+00:00 sd 1:0:0:0: [sda] 16384 512-byte logical blocks: (8.39 MB/8.00 MiB)
2026-09-07T02:24:55,747002+00:00 sd 1:0:0:0: [sda] Write Protect is on
2026-09-07T02:24:55,747027+00:00 sd 1:0:0:0: [sda] Mode Sense: 0f 00 80 00
2026-09-07T02:24:55,851502+00:00 sd 1:0:0:0: [sda] Write cache: disabled, read cache: enabled, doesn't support DPO or FUA
2026-09-07T02:24:56,070334+00:00  sda:
2026-09-07T02:24:56,070468+00:00 sd 1:0:0:0: [sda] Attached SCSI disk
