Netid State  Recv-Q Send-Q                                Local Address:Port Peer Address:PortProcess
u_str LISTEN 0      0      /run/systemd/resolve.hook/io.systemd.Network 120             * 0    users:(("systemd-network",pid=127,fd=5),("systemd",pid=1,fd=46))
u_str LISTEN 0      0                    /run/systemd/io.systemd.sysext 185             * 0    users:(("systemd",pid=1,fd=48))
u_str LISTEN 0      0                              /run/systemd/private 1216            * 0    users:(("systemd",pid=1,fd=23))
u_str LISTEN 0      0        /run/systemd/userdb/io.systemd.DynamicUser 1217            * 0    users:(("systemd",pid=1,fd=24))
u_str LISTEN 0      0                /run/systemd/io.systemd.ManagedOOM 1218            * 0    users:(("systemd",pid=1,fd=25))
u_str LISTEN 0      0                   /run/systemd/io.systemd.Manager 1219            * 0    users:(("systemd",pid=1,fd=26))
u_str LISTEN 0      0               /run/systemd/io.systemd.AskPassword 1224            * 0    users:(("systemd",pid=1,fd=34))
u_str LISTEN 0      0               /run/systemd/io.systemd.Credentials 1225            * 0    users:(("systemd",pid=1,fd=35))
u_str LISTEN 0      0              /run/systemd/io.systemd.FactoryReset 1226            * 0    users:(("systemd",pid=1,fd=36))
u_str LISTEN 0      0                       /run/systemd/journal/stdout 1231            * 0    users:(("systemd-journal",pid=84,fd=4),("systemd",pid=1,fd=39))
u_str LISTEN 0      0               /run/systemd/io.systemd.MuteConsole 1232            * 0    users:(("systemd",pid=1,fd=40))
u_str LISTEN 0      0             /run/systemd/netif/io.systemd.Network 1233            * 0    users:(("systemd-network",pid=127,fd=3),("systemd",pid=1,fd=41))
u_str LISTEN 0      0                         /run/udev/io.systemd.Udev 1237            * 0    users:(("systemd-udevd",pid=119,fd=4),("systemd",pid=1,fd=45))
u_str LISTEN 0      0           /run/systemd/journal/io.systemd.journal 1246            * 0    users:(("systemd-journal",pid=84,fd=9))
u_str LISTEN 0      0                /run/kvmd/ustreamer/ustreamer.sock 1608            * 0    users:(("main",pid=209,fd=7))
u_str LISTEN 0      0                           /run/kvmd/api/kvmd.sock 2586            * 0    users:(("kvmd/main: /usr",pid=186,fd=4))
u_str LISTEN 0      0                       /run/dbus/system_bus_socket 3381            * 0    users:(("dbus-daemon",pid=160,fd=3),("systemd",pid=1,fd=54))
u_str LISTEN 0      0                        /run/ssh-unix-local/socket 3382            * 0    users:(("systemd",pid=1,fd=55))
u_str LISTEN 0      0                  /run/systemd/io.systemd.Hostname 3383            * 0    users:(("systemd",pid=1,fd=57))
u_str LISTEN 0      0                     /run/systemd/io.systemd.Login 3384            * 0    users:(("systemd-logind",pid=164,fd=3),("systemd",pid=1,fd=61))
u_seq LISTEN 0      0                                 /run/udev/control 1235            * 0    users:(("systemd-udevd",pid=119,fd=3),("systemd",pid=1,fd=43))
