opened device `Intel Graphics` on driver `i915` (version 1.6.0 at 0)
Connectors:
id	encoder	status		name		size (mm)	modes	encoders
269	0	disconnected	DP-1           	0x0		0	268
  props:
	1 EDID:
		flags: immutable blob
		blobs:

		value:
	2 DPMS:
		flags: enum
		enums: On=0 Standby=1 Suspend=2 Off=3
		value: 3
	5 link-status:
		flags: enum
		enums: Good=0 Bad=1
		value: 0
	7 non-desktop:
		flags: immutable range
		values: 0 1
		value: 0
	4 TILE:
		flags: immutable blob
		blobs:

		value:
	273 subconnector:
		flags: immutable enum
		enums: Unknown=0 VGA=1 DVI-D=3 HDMI=11 DP=10 Wireless=18 Native=15
		value: 0
	274 audio:
		flags: enum
		enums: force-dvi=18446744073709551614 off=18446744073709551615 auto=0 on=1
		value: 0
	275 Broadcast RGB:
		flags: enum
		enums: Automatic=0 Full=1 Limited 16:235=2
		value: 0
	276 max bpc:
		flags: range
		values: 6 12
		value: 12
	277 Colorspace:
		flags: enum
		enums: Default=0 BT709_YCC=2 XVYCC_601=3 XVYCC_709=4 SYCC_601=5 opYCC_601=6 opRGB=7 BT2020_CYCC=8 BT2020_RGB=9 BT2020_YCC=10 DCI-P3_RGB_D65=11 RGB_WIDE_FIXED=13 RGB_WIDE_FLOAT=14 BT601_YCC=15
		value: 0
	8 HDR_OUTPUT_METADATA:
		flags: blob
		blobs:

		value:
	278 vrr_capable:
		flags: immutable range
		values: 0 1
		value: 0
	279 Content Protection:
		flags: enum
		enums: Undesired=0 Desired=1 Enabled=2
		value: 0
	280 HDCP Content Type:
		flags: enum
		enums: HDCP Type0=0 HDCP Type1=1
		value: 0
281	0	disconnected	HDMI-A-1       	0x0		0	268
  props:
	1 EDID:
		flags: immutable blob
		blobs:

		value:
	2 DPMS:
		flags: enum
		enums: On=0 Standby=1 Suspend=2 Off=3
		value: 3
	5 link-status:
		flags: enum
		enums: Good=0 Bad=1
		value: 0
	7 non-desktop:
		flags: immutable range
		values: 0 1
		value: 0
	4 TILE:
		flags: immutable blob
		blobs:

		value:
	274 audio:
		flags: enum
		enums: force-dvi=18446744073709551614 off=18446744073709551615 auto=0 on=1
		value: 0
	275 Broadcast RGB:
		flags: enum
		enums: Automatic=0 Full=1 Limited 16:235=2
		value: 0
	282 aspect ratio:
		flags: enum
		enums: Automatic=0 4:3=1 16:9=2
		value: 0
	283 Colorspace:
		flags: enum
		enums: Default=0 SMPTE_170M_YCC=1 BT709_YCC=2 XVYCC_601=3 XVYCC_709=4 SYCC_601=5 opYCC_601=6 opRGB=7 BT2020_CYCC=8 BT2020_RGB=9 BT2020_YCC=10 DCI-P3_RGB_D65=11 DCI-P3_RGB_Theater=12
		value: 0
	284 content type:
		flags: enum
		enums: No Data=0 Graphics=1 Photo=2 Cinema=3 Game=4
		value: 0
	8 HDR_OUTPUT_METADATA:
		flags: blob
		blobs:

		value:
	285 max bpc:
		flags: range
		values: 8 12
		value: 12
	279 Content Protection:
		flags: enum
		enums: Undesired=0 Desired=1 Enabled=2
		value: 0
	280 HDCP Content Type:
		flags: enum
		enums: HDCP Type0=0 HDCP Type1=1
		value: 0
287	286	connected	HDMI-A-2       	700x390		48	286
  modes:
	index name refresh (Hz) hdisp hss hse htot vdisp vss vse vtot
  #0 1920x1080 60.00 1920 2008 2052 2200 1080 1084 1089 1125 148500 flags: phsync, pvsync; type: preferred, driver
  #1 4096x2160 60.00 4096 4184 4272 4400 2160 2168 2178 2250 594000 flags: phsync, pvsync; type: driver
  #2 4096x2160 59.94 4096 4184 4272 4400 2160 2168 2178 2250 593407 flags: phsync, pvsync; type: driver
  #3 4096x2160 50.00 4096 5064 5152 5280 2160 2168 2178 2250 594000 flags: phsync, pvsync; type: driver
  #4 4096x2160 30.00 4096 4184 4272 4400 2160 2168 2178 2250 297000 flags: phsync, pvsync; type: driver
  #5 4096x2160 29.97 4096 4184 4272 4400 2160 2168 2178 2250 296703 flags: phsync, pvsync; type: driver
  #6 3840x2160 60.00 3840 4016 4104 4400 2160 2168 2178 2250 594000 flags: phsync, pvsync; type: driver
  #7 3840x2160 59.94 3840 4016 4104 4400 2160 2168 2178 2250 593407 flags: phsync, pvsync; type: driver
  #8 3840x2160 50.00 3840 4896 4984 5280 2160 2168 2178 2250 594000 flags: phsync, pvsync; type: driver
  #9 3840x2160 30.00 3840 4016 4104 4400 2160 2168 2178 2250 297000 flags: phsync, pvsync; type: driver
  #10 3840x2160 29.97 3840 4016 4104 4400 2160 2168 2178 2250 296703 flags: phsync, pvsync; type: driver
  #11 1920x1080 59.94 1920 2008 2052 2200 1080 1084 1089 1125 148352 flags: phsync, pvsync; type: driver
  #12 1920x1080 50.00 1920 2448 2492 2640 1080 1084 1089 1125 148500 flags: phsync, pvsync; type: driver
  #13 1920x1080 30.00 1920 2008 2052 2200 1080 1084 1089 1125 74250 flags: phsync, pvsync; type: driver
  #14 1920x1080 29.97 1920 2008 2052 2200 1080 1084 1089 1125 74176 flags: phsync, pvsync; type: driver
  #15 1920x1080 25.00 1920 2448 2492 2640 1080 1084 1089 1125 74250 flags: phsync, pvsync; type: driver
  #16 1920x1080 24.00 1920 2558 2602 2750 1080 1084 1089 1125 74250 flags: phsync, pvsync; type: driver
  #17 1920x1080 23.98 1920 2558 2602 2750 1080 1084 1089 1125 74176 flags: phsync, pvsync; type: driver
  #18 1600x1200 60.00 1600 1664 1856 2160 1200 1201 1204 1250 162000 flags: phsync, pvsync; type: driver
  #19 1680x1050 59.95 1680 1784 1960 2240 1050 1053 1059 1089 146250 flags: nhsync, pvsync; type: driver
  #20 1680x1050 59.88 1680 1728 1760 1840 1050 1053 1059 1080 119000 flags: phsync, nvsync; type: driver
  #21 1400x1050 59.98 1400 1488 1632 1864 1050 1053 1057 1089 121750 flags: nhsync, pvsync; type: driver
  #22 1400x1050 59.95 1400 1448 1480 1560 1050 1053 1057 1080 101000 flags: phsync, nvsync; type: driver
  #23 1600x900 60.00 1600 1624 1704 1800 900 901 904 1000 108000 flags: phsync, pvsync; type: driver
  #24 1280x1024 60.02 1280 1328 1440 1688 1024 1025 1028 1066 108000 flags: phsync, pvsync; type: driver
  #25 1440x900 59.89 1440 1520 1672 1904 900 903 909 934 106500 flags: nhsync, pvsync; type: driver
  #26 1440x900 59.90 1440 1488 1520 1600 900 903 909 926 88750 flags: phsync, nvsync; type: driver
  #27 1280x960 60.00 1280 1376 1488 1800 960 961 964 1000 108000 flags: phsync, pvsync; type: driver
  #28 1360x768 60.02 1360 1424 1536 1792 768 771 777 795 85500 flags: phsync, pvsync; type: driver
  #29 1280x800 59.81 1280 1352 1480 1680 800 803 809 831 83500 flags: nhsync, pvsync; type: driver
  #30 1152x864 59.97 1152 1216 1336 1520 864 867 871 897 81768 flags: nhsync, pvsync; type: 
  #31 1280x768 60.35 1280 1344 1472 1664 768 771 778 798 80140 flags: nhsync, nvsync; type: driver
  #32 1280x768 59.87 1280 1344 1472 1664 768 771 778 798 79500 flags: nhsync, pvsync; type: driver
  #33 1280x720 60.00 1280 1390 1430 1650 720 725 730 750 74250 flags: phsync, pvsync; type: driver
  #34 1280x720 59.94 1280 1390 1430 1650 720 725 730 750 74176 flags: phsync, pvsync; type: driver
  #35 1280x720 50.00 1280 1720 1760 1980 720 725 730 750 74250 flags: phsync, pvsync; type: driver
  #36 1280x720 30.00 1280 3040 3080 3300 720 725 730 750 74250 flags: phsync, pvsync; type: driver
  #37 1280x720 29.97 1280 3040 3080 3300 720 725 730 750 74176 flags: phsync, pvsync; type: driver
  #38 1280x720 25.00 1280 3700 3740 3960 720 725 730 750 74250 flags: phsync, pvsync; type: driver
  #39 1280x720 24.00 1280 3040 3080 3300 720 725 730 750 59400 flags: phsync, pvsync; type: driver
  #40 1280x720 23.98 1280 3040 3080 3300 720 725 730 750 59341 flags: phsync, pvsync; type: driver
  #41 1024x768 60.00 1024 1048 1184 1344 768 771 777 806 65000 flags: nhsync, nvsync; type: driver
  #42 800x600 60.32 800 840 968 1056 600 601 605 628 40000 flags: phsync, pvsync; type: driver
  #43 720x576 50.00 720 732 796 864 576 581 586 625 27000 flags: nhsync, nvsync; type: driver
  #44 720x480 60.00 720 736 798 858 480 489 495 525 27027 flags: nhsync, nvsync; type: driver
  #45 720x480 59.94 720 736 798 858 480 489 495 525 27000 flags: nhsync, nvsync; type: driver
  #46 640x480 60.00 640 656 752 800 480 490 492 525 25200 flags: nhsync, nvsync; type: driver
  #47 640x480 59.94 640 656 752 800 480 490 492 525 25175 flags: nhsync, nvsync; type: driver
  props:
	1 EDID:
		flags: immutable blob
		blobs:

		value:
			00ffffffffffff002157010001000000
			011d0104824627782ad9b0a357499c25
			11494b210800714081c0810081408180
			9500a9c0b300023a801871382d40582c
			4500c48e2100001e000000fd0017551e
			641e0410000000000001000000f7000a
			0040c6440000000000000000000000fc
			0048444d4920544f205553420a2001d4
			02032cf151010203041112131f202122
			3c3d3e905f6423090707830100006703
			0c001000b83ce50e61606665011d0072
			51d01e206e285500c48e2100001e8c0a
			d08a20e02d10103e9600c48e21000018
			8c0ad090204031200c405500c48e2100
			00184e1f008051001e3040803700c48e
			21000018000000000000000000000022
	2 DPMS:
		flags: enum
		enums: On=0 Standby=1 Suspend=2 Off=3
		value: 0
	5 link-status:
		flags: enum
		enums: Good=0 Bad=1
		value: 0
	7 non-desktop:
		flags: immutable range
		values: 0 1
		value: 0
	4 TILE:
		flags: immutable blob
		blobs:

		value:
	274 audio:
		flags: enum
		enums: force-dvi=18446744073709551614 off=18446744073709551615 auto=0 on=1
		value: 0
	275 Broadcast RGB:
		flags: enum
		enums: Automatic=0 Full=1 Limited 16:235=2
		value: 0
	282 aspect ratio:
		flags: enum
		enums: Automatic=0 4:3=1 16:9=2
		value: 0
	288 Colorspace:
		flags: enum
		enums: Default=0 SMPTE_170M_YCC=1 BT709_YCC=2 XVYCC_601=3 XVYCC_709=4 SYCC_601=5 opYCC_601=6 opRGB=7 BT2020_CYCC=8 BT2020_RGB=9 BT2020_YCC=10 DCI-P3_RGB_D65=11 DCI-P3_RGB_Theater=12
		value: 0
	284 content type:
		flags: enum
		enums: No Data=0 Graphics=1 Photo=2 Cinema=3 Game=4
		value: 0
	8 HDR_OUTPUT_METADATA:
		flags: blob
		blobs:

		value:
	289 max bpc:
		flags: range
		values: 8 12
		value: 12
	279 Content Protection:
		flags: enum
		enums: Undesired=0 Desired=1 Enabled=2
		value: 0
	280 HDCP Content Type:
		flags: enum
		enums: HDCP Type0=0 HDCP Type1=1
		value: 0

