Driver Info:
	Driver name      : uvcvideo
	Card type        : USB2 Video: USB2 Video
	Bus info         : usb-5200000.usb-1
	Driver version   : 7.2.3
	Capabilities     : 0x84a00001
		Video Capture
		Metadata Capture
		Streaming
		Extended Pix Format
		Device Capabilities
	Device Caps      : 0x04200001
		Video Capture
		Streaming
		Extended Pix Format
Priority: 2
Video input : 0 (Camera 1: ok)
Format Video Capture:
	Width/Height      : 1920/1080
	Pixel Format      : 'MJPG' (Motion-JPEG)
	Field             : None
	Bytes per Line    : 0
	Size Image        : 4147200
	Colorspace        : sRGB
	Transfer Function : Rec. 709
	YCbCr/HSV Encoding: ITU-R 601
	Quantization      : Default (maps to Full Range)
	Flags             : 
Crop Capability Video Capture:
	Bounds      : Left 0, Top 0, Width 1920, Height 1080
	Default     : Left 0, Top 0, Width 1920, Height 1080
	Pixel Aspect: 1/1
Selection Video Capture: crop_default, Left 0, Top 0, Width 1920, Height 1080, Flags: 
Selection Video Capture: crop_bounds, Left 0, Top 0, Width 1920, Height 1080, Flags: 
Streaming Parameters Video Capture:
	Capabilities     : timeperframe
	Frames per second: 30.000 (30/1)
	Read buffers     : 0

User Controls

                     brightness 0x00980900 (int)    : min=0 max=100 step=1 default=50 value=50 flags=has-min-max
                       contrast 0x00980901 (int)    : min=0 max=100 step=1 default=50 value=50 flags=has-min-max
                     saturation 0x00980902 (int)    : min=0 max=100 step=1 default=50 value=50 flags=has-min-max
                            hue 0x00980903 (int)    : min=0 max=100 step=1 default=50 value=50 flags=has-min-max
