● ustreamer.service - BliKVM MS2131 native MJPEG streamer
     Loaded: loaded (/usr/lib/systemd/system/ustreamer.service; enabled; preset: enabled)
     Active: active (running) since Mon 2026-07-27 20:48:10 UTC; 2min 11s ago
 Invocation: c9a3bd6d51be4d06804e22d3eaac6ccf
   Main PID: 1907 (main)
        CPU: 3.207s
     CGroup: /system.slice/ustreamer.service
             └─1907 /usr/bin/ustreamer --device=/dev/kvmd-video --resolution=1920x1080 --desired-fps=30 --device-fps=30 --quality=0 --format=MJPEG --encoder=HW --unix=/run/kvmd/ustreamer/ustreamer.sock --unix-mode=0660 --unix-rm

Jul 27 20:48:55 blikvm-m7 ustreamer[1907]: -- INFO  [297.165      http] -- HTTP: NEW client (now=1): [localhost]:0, id=3965a4b9cc03ac04
Jul 27 20:49:05 blikvm-m7 ustreamer[1907]: -- INFO  [306.808      http] -- HTTP: DEL client (now=0): [localhost]:0, id=3965a4b9cc03ac04, Broken pipe (writing,error)
Jul 27 20:49:09 blikvm-m7 ustreamer[1907]: -- INFO  [310.945      http] -- HTTP: NEW client (now=1): [localhost]:0, id=8e8241041be1a166
Jul 27 20:49:24 blikvm-m7 ustreamer[1907]: -- INFO  [325.640      http] -- HTTP: DEL client (now=0): [localhost]:0, id=8e8241041be1a166, Resource temporarily unavailable (reading,eof)
Jul 27 20:49:27 blikvm-m7 ustreamer[1907]: -- INFO  [328.873      http] -- HTTP: NEW client (now=1): [localhost]:0, id=a963f84466c2394c
Jul 27 20:49:36 blikvm-m7 ustreamer[1907]: -- INFO  [338.536      http] -- HTTP: DEL client (now=0): [localhost]:0, id=a963f84466c2394c, Broken pipe (writing,error)
Jul 27 20:49:41 blikvm-m7 ustreamer[1907]: -- INFO  [342.667      http] -- HTTP: NEW client (now=1): [localhost]:0, id=ea224589c1dd62d0
Jul 27 20:49:55 blikvm-m7 ustreamer[1907]: -- INFO  [357.328      http] -- HTTP: DEL client (now=0): [localhost]:0, id=ea224589c1dd62d0, Resource temporarily unavailable (reading,eof)
Jul 27 20:50:05 blikvm-m7 ustreamer[1907]: -- INFO  [367.494      http] -- HTTP: NEW client (now=1): [localhost]:0, id=398e479afa51e204
Jul 27 20:50:20 blikvm-m7 ustreamer[1907]: -- INFO  [381.992      http] -- HTTP: DEL client (now=0): [localhost]:0, id=398e479afa51e204, Resource temporarily unavailable (reading,eof)
  UNIT LOAD ACTIVE SUB DESCRIPTION

0 loaded units listed.
