DEVPATH=/devices/platform/soc/5200000.usb/usb1/1-1/1-1:1.0/video4linux/video0
DEVNAME=/dev/video0
MAJOR=81
MINOR=0
SUBSYSTEM=video4linux
USEC_INITIALIZED=7238055
ID_V4L_VERSION=2
ID_V4L_PRODUCT=USB2 Video: USB2 Video
ID_V4L_CAPABILITIES=:capture:
ID_BUS=usb
ID_MODEL=USB2_Video
ID_MODEL_ENC=USB2\x20Video
ID_MODEL_ID=2131
ID_SERIAL=MACROSILICON_USB2_Video_29404080
ID_SERIAL_SHORT=29404080
ID_VENDOR=MACROSILICON
ID_VENDOR_ENC=MACROSILICON
ID_VENDOR_ID=345f
ID_REVISION=2100
ID_TYPE=video
ID_USB_MODEL=USB2_Video
ID_USB_MODEL_ENC=USB2\x20Video
ID_USB_MODEL_ID=2131
ID_USB_SERIAL=MACROSILICON_USB2_Video_29404080
ID_USB_SERIAL_SHORT=29404080
ID_USB_VENDOR=MACROSILICON
ID_USB_VENDOR_ENC=MACROSILICON
ID_USB_VENDOR_ID=345f
ID_USB_REVISION=2100
ID_USB_TYPE=video
ID_USB_INTERFACES=:0e0100:0e0200:010100:010200:030000:
ID_USB_INTERFACE_NUM=00
ID_USB_DRIVER=uvcvideo
ID_PATH_WITH_USB_REVISION=platform-5200000.usb-usbv2-0:1:1.0
ID_PATH=platform-5200000.usb-usb-0:1:1.0
ID_PATH_TAG=platform-5200000_usb-usb-0_1_1_0
ID_FOR_SEAT=video4linux-platform-5200000_usb-usb-0_1_1_0
SYSTEMD_ALIAS=/dev/kvmd-video
SYSTEMD_WANTS=ustreamer.service
DEVLINKS=/dev/v4l/by-path/platform-5200000.usb-usbv2-0:1:1.0-video-index0 /dev/v4l/by-path/platform-5200000.usb-usb-0:1:1.0-video-index0 /dev/v4l/by-id/usb-MACROSILICON_USB2_Video_29404080-video-index0 /dev/kvmd-video
TAGS=:uaccess:seat:systemd:
CURRENT_TAGS=:uaccess:seat:systemd:
